// Jest Snapshot v1, https://goo.gl/fbAQLP

exports[`Loader component 1`] = `"<div class=\\"Loader__wrapperShow___1BRHEE7C08clRH6 Loader__wrapper___3imVhS9YmKq7eOB\\" data-reactroot=\\"\\" data-reactid=\\"1\\" data-react-checksum=\\"-593274496\\"><h2 class=\\"Loader__message___37_pDp9j_PMn6_u\\" data-reactid=\\"2\\"></h2><div class=\\"Loader__loader___OksXbA0VgNlfQ7R\\" data-reactid=\\"3\\"></div></div>"`;
