// Jest Snapshot v1, https://goo.gl/fbAQLP

exports[`default state 1`] = `
Object {
  "message": "",
  "show": false,
}
`;

exports[`handles HIDE_LOADER 1`] = `
Object {
  "message": "",
  "show": false,
}
`;

exports[`handles SHOW_LOADER 1`] = `
Object {
  "message": "Loading",
  "show": true,
}
`;
