// Jest Snapshot v1, https://goo.gl/fbAQLP

exports[`collection-actions 1`] = `"{"type":"DOWNLOAD_BOOK","url":"/path/to/book"}"`;

exports[`downloadBook action 1`] = `
Object {
  "type": "DOWNLOAD_BOOK",
  "url": "/path/to/book",
}
`;

exports[`getCollection action 1`] = `
Object {
  "type": "GET_COLLECTION",
}
`;

exports[`updateCollection action 1`] = `
Object {
  "data": Object {
    "id": "12345",
    "title": "A New Book",
  },
  "type": "ADD_BOOK_TO_COLLECTION",
}
`;
