exports[`default state 1`] = `"{\"clickedButtonIndex\":null,\"data\":null,\"show\":false}"`;

exports[`handles HIDE_TABLE_OF_CONTENTS 1`] = `"{"clickedButtonIndex":null,"data":null,"show":false}"`;

exports[`handles SHOW_TABLE_OF_CONTENTS 1`] = `"{\"clickedButtonIndex\":null,\"data\":null,\"show\":true}"`;

exports[`handles UPDATE_TABLE_OF_CONTENTS 1`] = `"{\"clickedButtonIndex\":null,\"data\":[{\"title\":\"item 1\",\"href\":\"item-1.html\"},{\"title\":\"item 2\",\"href\":\"item-2.html\"}],\"show\":false}"`;
