// Jest Snapshot v1, https://goo.gl/fbAQLP

exports[`BackButton component 1`] = `"<a class=\\"BackButton__wrapper___3allv248BLEnfXA\\" data-reactroot=\\"\\" data-reactid=\\"1\\" data-react-checksum=\\"825919163\\"><div class=\\"BackButton__icon___302Gb-yIGqd5oDJ\\" data-reactid=\\"2\\"><div class=\\"BackButton__iconLineOne___3FLnuJCdoUNaVak\\" data-reactid=\\"3\\"></div><div class=\\"BackButton__iconLineTwo___24Pm7a3li3bBJOC\\" data-reactid=\\"4\\"></div><div class=\\"BackButton__iconLineThree___1ES8_m0XRvJqRDJ\\" data-reactid=\\"5\\"></div></div></a>"`;
